1
2
<class 'int'>
<class 'float'>
<class 'complex'>
