1
<class 'str'>
None
{'return': <class 'int'>}
<class 'int'>
