666
666
666
777
777
None
777
888
888
888
999
999
None
999
