[0, 1, 4, 9, 16, 25, 36, 49, 64, 81]
81
None
[0, 1, 8, 27, 64, 125, 216, 343, 512]
512
None
None
None
[0, 1, 16, 81, 256, 625, 1296, 2401]
None
None
2401
[0, 1, 32, 243, 1024, 3125, 7776]
None
7776
None
None
[[0, 1, 2], [0, 1, 2]]
2
None
None
None
None
None
