'awesome'            awesome
666
666
L1 -> L2 -> L3 -> L4 -> 'M' <- L4 <- L3 <- L2 <- L1
M
555
None
None
True
