7777 ^ 7 is not divisible by 17, remainder is 15
8721 ^ 7 is divisible by 17
12
-7
555555555
