Encrypted secret: 4898425682113519904838
Secret: 7331
Fake secret: 1337
