1
2 2
-1 -2
-1 -2
{'x': 3}
3
42
42
24
5
0 0 0
(11, 22)
11
(33, 44)
(33, 44)
NameError
