done
`a` is not yet bound
[<class 'generator'>, <class 'function'>]
[0, 1, 2]
102
42
